2026-05-01 11:02:46,111 [1] ERROR CPS.App [(null)] - System.InsufficientMemoryException: Insufficient memory to continue the execution of the program.
   at CPS.Business.PrintJob.GetPrinter() in G:\CHECK PRINTING SYSTEM 24\SourceCode-PijNadiad\CHECK PRINTING SYSTEM 24\Business\PrintJob.cs:line 457
   at CPS.Business.PrintJob.RePrintSinglePage(IEnumerable`1 requests, Int32 from, Int32 to) in G:\CHECK PRINTING SYSTEM 24\SourceCode-PijNadiad\CHECK PRINTING SYSTEM 24\Business\PrintJob.cs:line 305
   at CPS.Views.Process.RePrintSinglePage.btnSave_Click(Object sender, RoutedEventArgs e) in G:\CHECK PRINTING SYSTEM 24\SourceCode-PijNadiad\CHECK PRINTING SYSTEM 24\Views\Process\RePrintSinglePage.xaml.cs:line 83
   at System.Windows.EventRoute.InvokeHandlersImpl(Object source, RoutedEventArgs args, Boolean reRaised)
   at System.Windows.UIElement.RaiseEventImpl(DependencyObject sender, RoutedEventArgs args)
   at System.Windows.Controls.Primitives.ButtonBase.OnClick()
   at System.Windows.Controls.Button.OnClick()
   at System.Windows.Controls.Primitives.ButtonBase.OnKeyUp(KeyEventArgs e)
   at System.Windows.RoutedEventArgs.InvokeHandler(Delegate handler, Object target)
   at System.Windows.RoutedEventHandlerInfo.InvokeHandler(Object target, RoutedEventArgs routedEventArgs)
   at System.Windows.EventRoute.InvokeHandlersImpl(Object source, RoutedEventArgs args, Boolean reRaised)
   at System.Windows.UIElement.RaiseEventImpl(DependencyObject sender, RoutedEventArgs args)
   at System.Windows.UIElement.RaiseTrustedEvent(RoutedEventArgs args)
   at System.Windows.Input.InputManager.ProcessStagingArea()
   at System.Windows.Input.InputManager.ProcessInput(InputEventArgs input)
   at System.Windows.Input.InputProviderSite.ReportInput(InputReport inputReport)
   at System.Windows.Interop.HwndKeyboardInputProvider.ReportInput(IntPtr hwnd, InputMode mode, Int32 timestamp, RawKeyboardActions actions, Int32 scanCode, Boolean isExtendedKey, Boolean isSystemKey, Int32 virtualKey)
   at System.Windows.Interop.HwndKeyboardInputProvider.ProcessKeyAction(MSG& msg, Boolean& handled)
   at System.Windows.Interop.HwndSource.CriticalTranslateAccelerator(MSG& msg, ModifierKeys modifiers)
   at System.Windows.Interop.HwndSource.OnPreprocessMessage(Object param)
   at System.Windows.Threading.ExceptionWrapper.InternalRealCall(Delegate callback, Object args, Int32 numArgs)
   at System.Windows.Threading.ExceptionWrapper.TryCatchWhen(Object source, Delegate callback, Object args, Int32 numArgs, Delegate catchHandler)
   at System.Windows.Threading.Dispatcher.LegacyInvokeImpl(DispatcherPriority priority, TimeSpan timeout, Delegate method, Object args, Int32 numArgs)
   at System.Windows.Threading.Dispatcher.Invoke(DispatcherPriority priority, Delegate method, Object arg)
   at System.Windows.Interop.HwndSource.OnPreprocessMessageThunk(MSG& msg, Boolean& handled)
   at System.Windows.Interop.ComponentDispatcherThread.RaiseThreadMessage(MSG& msg)
   at System.Windows.Threading.Dispatcher.PushFrameImpl(DispatcherFrame frame)
   at System.Windows.Application.RunDispatcher(Object ignore)
   at System.Windows.Application.RunInternal(Window window)
   at CPS.App.Main()
